=== Starting run: nranks=16 ===
date:     Fri Apr 24 10:24:16 PM PDT 2026
host:     nid005732
nranks:   16
binary:   /global/u2/n/nile/CS5220_project/cs5220-project/tree_allreduce
outfile:  results/tree_allreduce_nranks16_20260424_222416.out

=== Training ===
Loading MNIST...
Loaded.

=== Tree All-Reduce run ===
nranks:         16
global_batch:   256
local_batch:    16
algorithm:      binary tree (reduce + broadcast)
tree_steps:     4 reduce + 4 broadcast = 8 total
epochs:         10
lr:             0.01
momentum:       0.9

grad_buf_size:  2913290 floats = 11.1133 MB

epoch,loss,test_acc,fwd_s,bwd_s,allreduce_s,sgd_s,epoch_s,grad_norm,speedup,efficiency
1,0.55151,0.9313,3.81088,11.8988,3.29836,0.55565,19.5673,0.945055,0,0
2,0.235951,0.946,3.77861,11.8917,3.29063,0.553275,19.517,0.728515,0,0
3,0.157011,0.957,3.80691,11.9087,3.2489,0.538502,19.5057,0.708364,0,0
4,0.128533,0.9627,3.78161,11.8972,3.29257,0.589739,19.5636,0.804483,0,0
5,0.0925266,0.9663,3.77298,11.8912,3.31949,0.593297,19.5797,0.682014,0,0
6,0.0877487,0.9695,3.79201,11.8911,3.27887,0.582847,19.5476,0.631964,0,0
7,0.072724,0.9714,3.78773,11.8899,3.30745,0.587626,19.5751,0.712566,0,0
8,0.0682919,0.9735,3.81042,11.9236,3.23344,0.583889,19.5539,0.88901,0,0
9,0.0480966,0.9764,3.79153,11.8936,3.26751,0.582759,19.5378,0.657134,0,0
10,0.050998,0.9795,3.78586,11.8926,3.2903,0.585111,19.5566,0.774729,0,0

=== Done: nranks=16 ===
