=== Starting run: nranks=32 ===
date:     Sat May  9 08:10:42 PM PDT 2026
host:     nid005026
nranks:   32
binary:   /global/u2/n/nile/CS5220_project/cs5220-project/tree_allreduce
outfile:  results/tree_allreduce_nranks32_20260509_201042.out

=== Training ===
Loading MNIST...
Loaded.

=== Tree All-Reduce run ===
nranks:         32
global_batch:   256
local_batch:    8
algorithm:      binary tree (reduce + broadcast)
tree_steps:     5 reduce + 5 broadcast = 10 total
epochs:         10
lr:             0.01
momentum:       0.9

grad_buf_size:  2913290 floats = 11.1133 MB

epoch,loss,test_acc,fwd_s,bwd_s,allreduce_s,sgd_s,epoch_s,grad_norm,speedup,efficiency
1,0.548494,0.9313,1.9018,6.09746,3.90585,0.557981,12.4655,0.944688,0,0
2,0.241182,0.946,1.9018,6.09473,3.73997,0.53866,12.2764,0.72714,0,0
3,0.151392,0.957,1.90167,6.09404,3.73971,0.540153,12.2771,0.710938,0,0
4,0.130159,0.9627,1.90204,6.09441,3.76254,0.581267,12.3415,0.808112,0,0
5,0.0777702,0.9664,1.90132,6.09353,3.75522,0.580625,12.332,0.679247,0,0
6,0.0873852,0.9695,1.90157,6.08944,3.77309,0.578815,12.3445,0.639686,0,0
7,0.0662903,0.9708,1.90089,6.09466,3.74381,0.581638,12.3223,0.718138,0,0
8,0.072039,0.9738,1.90184,6.09618,3.73634,0.578603,12.3142,0.888334,0,0
9,0.0446074,0.9764,1.90278,6.0942,3.73622,0.581353,12.3158,0.656446,0,0
10,0.0491561,0.9792,1.9005,6.09363,3.73499,0.581121,12.3115,0.784416,0,0

=== Done: nranks=32 ===
