=== Starting run: nranks=8 ===
date:     Fri Apr 24 07:05:32 PM PDT 2026
host:     nid006976
nranks:   8
binary:   /global/u2/n/nile/CS5220_project/cs5220-project/tree_allreduce
outfile:  results/tree_allreduce_nranks8_20260424_190532.out

=== Training ===
Loading MNIST...
Loaded.

=== Tree All-Reduce run ===
nranks:         8
global_batch:   256
local_batch:    32
algorithm:      binary tree (reduce + broadcast)
tree_steps:     3 reduce + 3 broadcast = 6 total
epochs:         10
lr:             0.01
momentum:       0.9

grad_buf_size:  2913290 floats = 11.1133 MB

epoch,loss,test_acc,fwd_s,bwd_s,allreduce_s,sgd_s,epoch_s,grad_norm,speedup,efficiency
1,0.557641,0.9316,7.50586,23.3292,2.76688,0.558394,34.165,0.944823,0,0
2,0.232373,0.9463,7.50442,23.3171,2.68832,0.539688,34.0533,0.723728,0,0
3,0.166087,0.957,7.50324,23.3103,2.68461,0.539444,34.0412,0.712936,0,0
4,0.136487,0.9625,7.50991,23.3299,2.7282,0.583428,34.155,0.806844,0,0
5,0.0993372,0.9661,7.50539,23.3097,2.68869,0.578423,34.0861,0.677558,0,0
6,0.0878422,0.9695,7.50408,23.3075,2.69328,0.580658,34.0889,0.629853,0,0
7,0.0745574,0.9708,7.50453,23.3165,2.67689,0.581852,34.0832,0.713818,0,0
8,0.0652877,0.9739,7.51085,23.3218,2.65444,0.588001,34.0788,0.889978,0,0
9,0.0500834,0.9763,7.5039,23.3132,2.66184,0.582857,34.0654,0.657646,0,0
10,0.0491085,0.9795,7.5044,23.3162,2.65945,0.583001,34.0667,0.781696,0,0

=== Done: nranks=8 ===
