=== Starting run: nranks=1 ===
date:        Wed Apr 22 05:48:12 PM PDT 2026
host:        nid004280
nranks:      1
binary:      /global/homes/n/nile/CS5220_project/cs5220-project/tree_allreduce
outfile:     /global/homes/n/nile/CS5220_project/cs5220-project/results/tree_allreduce_nranks1_20260422_174812.out

=== Training ===
srun: warning: can't run 1 processes on 4 nodes, setting nnodes to 1
Loading MNIST...
Loaded.

=== Tree All-Reduce run ===
nranks:         1
global_batch:   256
local_batch:    256
algorithm:      binary tree (reduce + broadcast)
tree_steps:     0 reduce + 0 broadcast = 0 total
epochs:         10
lr:             0.01
momentum:       0.9

grad_buf_size:  2913290 floats = 11.1133 MB

epoch,loss,test_acc,fwd_s,bwd_s,allreduce_s,sgd_s,epoch_s,grad_norm,speedup,efficiency
1,0.570751,0.9316,59.7382,184.013,0.358741,0.523041,244.659,0.94417,0,0
2,0.222216,0.9463,59.7337,183.924,0.358346,0.521995,244.563,0.723261,0,0
3,0.164649,0.957,59.7485,183.967,0.358226,0.525085,244.624,0.708404,0,0
4,0.128856,0.9627,59.7297,183.932,0.356831,0.561604,244.604,0.804862,0,0
5,0.106917,0.9664,59.7028,183.924,0.353775,0.553832,244.555,0.678791,0,0
6,0.0883953,0.9696,59.702,183.916,0.353432,0.553345,244.545,0.633029,0,0
7,0.0745706,0.9712,59.6996,183.924,0.353813,0.553649,244.552,0.719208,0,0
8,0.0633345,0.9735,59.7083,183.913,0.353749,0.551354,244.547,0.898372,0,0
[2026-04-23T01:46:00.711] error: *** STEP 51908167.0 ON nid004280 CANCELLED AT 2026-04-23T01:46:00 DUE TO TIME LIMIT ***
srun: Job step aborted: Waiting up to 32 seconds for job step to finish.
srun: error: nid004280: task 0: Terminated
srun: Terminating StepId=51908167.0

=== Done: nranks=1 ===
